// Jest Snapshot v1, https://goo.gl/fbAQLP

exports[`Template snapshot 1`] = `ShallowWrapper {}`;
